Archive member included to satisfy reference by file (symbol)

c:/ac6/systemworkbench/plugins/fr.ac6.mcu.externaltools.arm-none.win32_1.7.0.201602121829/tools/compiler/bin/../lib/gcc/arm-none-eabi/5.2.1/armv6-m\libgcc.a(_thumb1_case_uqi.o)
                              Drivers/STM32F0xx_HAL_Driver/stm32f0xx_hal_irda.o (__gnu_thumb1_case_uqi)
c:/ac6/systemworkbench/plugins/fr.ac6.mcu.externaltools.arm-none.win32_1.7.0.201602121829/tools/compiler/bin/../lib/gcc/arm-none-eabi/5.2.1/armv6-m\libgcc.a(_udivsi3.o)
                              Drivers/CMSIS/system_stm32f0xx.o (__aeabi_uidiv)
c:/ac6/systemworkbench/plugins/fr.ac6.mcu.externaltools.arm-none.win32_1.7.0.201602121829/tools/compiler/bin/../lib/gcc/arm-none-eabi/5.2.1/armv6-m\libgcc.a(_dvmd_tls.o)
                              c:/ac6/systemworkbench/plugins/fr.ac6.mcu.externaltools.arm-none.win32_1.7.0.201602121829/tools/compiler/bin/../lib/gcc/arm-none-eabi/5.2.1/armv6-m\libgcc.a(_udivsi3.o) (__aeabi_idiv0)
c:/ac6/systemworkbench/plugins/fr.ac6.mcu.externaltools.arm-none.win32_1.7.0.201602121829/tools/compiler/bin/../lib/gcc/arm-none-eabi/5.2.1/armv6-m\libgcc.a(_lshrdi3.o)
                              Drivers/STM32F0xx_HAL_Driver/stm32f0xx_hal_flash.o (__aeabi_llsr)
c:/ac6/systemworkbench/plugins/fr.ac6.mcu.externaltools.arm-none.win32_1.7.0.201602121829/tools/compiler/bin/../lib/gcc/arm-none-eabi/5.2.1/../../../../arm-none-eabi/lib/armv6-m\libc_nano.a(lib_a-exit.o)
                              c:/ac6/systemworkbench/plugins/fr.ac6.mcu.externaltools.arm-none.win32_1.7.0.201602121829/tools/compiler/bin/../lib/gcc/arm-none-eabi/5.2.1/../../../../arm-none-eabi/lib/armv6-m/crt0.o (exit)
c:/ac6/systemworkbench/plugins/fr.ac6.mcu.externaltools.arm-none.win32_1.7.0.201602121829/tools/compiler/bin/../lib/gcc/arm-none-eabi/5.2.1/../../../../arm-none-eabi/lib/armv6-m\libc_nano.a(lib_a-impure.o)
                              c:/ac6/systemworkbench/plugins/fr.ac6.mcu.externaltools.arm-none.win32_1.7.0.201602121829/tools/compiler/bin/../lib/gcc/arm-none-eabi/5.2.1/../../../../arm-none-eabi/lib/armv6-m\libc_nano.a(lib_a-exit.o) (_global_impure_ptr)
c:/ac6/systemworkbench/plugins/fr.ac6.mcu.externaltools.arm-none.win32_1.7.0.201602121829/tools/compiler/bin/../lib/gcc/arm-none-eabi/5.2.1/../../../../arm-none-eabi/lib/armv6-m\libc_nano.a(lib_a-init.o)
                              c:/ac6/systemworkbench/plugins/fr.ac6.mcu.externaltools.arm-none.win32_1.7.0.201602121829/tools/compiler/bin/../lib/gcc/arm-none-eabi/5.2.1/../../../../arm-none-eabi/lib/armv6-m/crt0.o (__libc_init_array)
c:/ac6/systemworkbench/plugins/fr.ac6.mcu.externaltools.arm-none.win32_1.7.0.201602121829/tools/compiler/bin/../lib/gcc/arm-none-eabi/5.2.1/../../../../arm-none-eabi/lib/armv6-m\libc_nano.a(lib_a-memcpy-stub.o)
                              Drivers/STM32F0xx_HAL_Driver/stm32f0xx_hal_rcc.o (memcpy)
c:/ac6/systemworkbench/plugins/fr.ac6.mcu.externaltools.arm-none.win32_1.7.0.201602121829/tools/compiler/bin/../lib/gcc/arm-none-eabi/5.2.1/../../../../arm-none-eabi/lib/armv6-m\libc_nano.a(lib_a-memset.o)
                              c:/ac6/systemworkbench/plugins/fr.ac6.mcu.externaltools.arm-none.win32_1.7.0.201602121829/tools/compiler/bin/../lib/gcc/arm-none-eabi/5.2.1/../../../../arm-none-eabi/lib/armv6-m/crt0.o (memset)
c:/ac6/systemworkbench/plugins/fr.ac6.mcu.externaltools.arm-none.win32_1.7.0.201602121829/tools/compiler/bin/../lib/gcc/arm-none-eabi/5.2.1/../../../../arm-none-eabi/lib/armv6-m\libnosys.a(_exit.o)
                              c:/ac6/systemworkbench/plugins/fr.ac6.mcu.externaltools.arm-none.win32_1.7.0.201602121829/tools/compiler/bin/../lib/gcc/arm-none-eabi/5.2.1/../../../../arm-none-eabi/lib/armv6-m\libc_nano.a(lib_a-exit.o) (_exit)

Allocating common symbols
Common symbol       size              file

uwTick              0x4               Drivers/STM32F0xx_HAL_Driver/stm32f0xx_hal.o
pFlash              0x20              Drivers/STM32F0xx_HAL_Driver/stm32f0xx_hal_flash.o

Discarded input sections

 .text          0x00000000        0x0 c:/ac6/systemworkbench/plugins/fr.ac6.mcu.externaltools.arm-none.win32_1.7.0.201602121829/tools/compiler/bin/../lib/gcc/arm-none-eabi/5.2.1/armv6-m/crti.o
 .data          0x00000000        0x0 c:/ac6/systemworkbench/plugins/fr.ac6.mcu.externaltools.arm-none.win32_1.7.0.201602121829/tools/compiler/bin/../lib/gcc/arm-none-eabi/5.2.1/armv6-m/crti.o
 .bss           0x00000000        0x0 c:/ac6/systemworkbench/plugins/fr.ac6.mcu.externaltools.arm-none.win32_1.7.0.201602121829/tools/compiler/bin/../lib/gcc/arm-none-eabi/5.2.1/armv6-m/crti.o
 .data          0x00000000        0x4 c:/ac6/systemworkbench/plugins/fr.ac6.mcu.externaltools.arm-none.win32_1.7.0.201602121829/tools/compiler/bin/../lib/gcc/arm-none-eabi/5.2.1/armv6-m/crtbegin.o
[...]
Memory Configuration

Name             Origin             Length             Attributes
FLASH            0x08000000         0x00020000         xr
RAM              0x20000000         0x00004000         xrw
*default*        0x00000000         0xffffffff

Linker script and memory map

LOAD c:/ac6/systemworkbench/plugins/fr.ac6.mcu.externaltools.arm-none.win32_1.7.0.201602121829/tools/compiler/bin/../lib/gcc/arm-none-eabi/5.2.1/armv6-m/crti.o
LOAD c:/ac6/systemworkbench/plugins/fr.ac6.mcu.externaltools.arm-none.win32_1.7.0.201602121829/tools/compiler/bin/../lib/gcc/arm-none-eabi/5.2.1/armv6-m/crtbegin.o
LOAD c:/ac6/systemworkbench/plugins/fr.ac6.mcu.externaltools.arm-none.win32_1.7.0.201602121829/tools/compiler/bin/../lib/gcc/arm-none-eabi/5.2.1/../../../../arm-none-eabi/lib/armv6-m/crt0.o
LOAD c:/ac6/systemworkbench/plugins/fr.ac6.mcu.externaltools.arm-none.win32_1.7.0.201602121829/tools/compiler/bin/../lib/gcc/arm-none-eabi/5.2.1/../../../../arm-none-eabi/lib/armv6-m\libm.a
LOAD Drivers/BSP/STM32F072RB-Nucleo/stm32f0xx_nucleo.o
LOAD Drivers/CMSIS/system_stm32f0xx.o
LOAD Drivers/STM32F0xx_HAL_Driver/stm32f0xx_hal.o
LOAD Drivers/STM32F0xx_HAL_Driver/stm32f0xx_hal_adc.o
LOAD Drivers/STM32F0xx_HAL_Driver/stm32f0xx_hal_adc_ex.o
LOAD Drivers/STM32F0xx_HAL_Driver/stm32f0xx_hal_can.o
LOAD Drivers/STM32F0xx_HAL_Driver/stm32f0xx_hal_cec.o
LOAD Drivers/STM32F0xx_HAL_Driver/stm32f0xx_hal_comp.o
LOAD Drivers/STM32F0xx_HAL_Driver/stm32f0xx_hal_cortex.o
LOAD Drivers/STM32F0xx_HAL_Driver/stm32f0xx_hal_crc.o
LOAD Drivers/STM32F0xx_HAL_Driver/stm32f0xx_hal_crc_ex.o
LOAD Drivers/STM32F0xx_HAL_Driver/stm32f0xx_hal_dac.o
LOAD Drivers/STM32F0xx_HAL_Driver/stm32f0xx_hal_dac_ex.o
LOAD Drivers/STM32F0xx_HAL_Driver/stm32f0xx_hal_dma.o
LOAD Drivers/STM32F0xx_HAL_Driver/stm32f0xx_hal_flash.o
LOAD Drivers/STM32F0xx_HAL_Driver/stm32f0xx_hal_flash_ex.o
LOAD Drivers/STM32F0xx_HAL_Driver/stm32f0xx_hal_gpio.o
LOAD Drivers/STM32F0xx_HAL_Driver/stm32f0xx_hal_i2c.o
LOAD Drivers/STM32F0xx_HAL_Driver/stm32f0xx_hal_i2c_ex.o
LOAD Drivers/STM32F0xx_HAL_Driver/stm32f0xx_hal_i2s.o
LOAD Drivers/STM32F0xx_HAL_Driver/stm32f0xx_hal_irda.o
LOAD Drivers/STM32F0xx_HAL_Driver/stm32f0xx_hal_iwdg.o
LOAD Drivers/STM32F0xx_HAL_Driver/stm32f0xx_hal_pcd.o
LOAD Drivers/STM32F0xx_HAL_Driver/stm32f0xx_hal_pcd_ex.o
LOAD Drivers/STM32F0xx_HAL_Driver/stm32f0xx_hal_pwr.o
LOAD Drivers/STM32F0xx_HAL_Driver/stm32f0xx_hal_pwr_ex.o
LOAD Drivers/STM32F0xx_HAL_Driver/stm32f0xx_hal_rcc.o
LOAD Drivers/STM32F0xx_HAL_Driver/stm32f0xx_hal_rcc_ex.o
LOAD Drivers/STM32F0xx_HAL_Driver/stm32f0xx_hal_rtc.o
LOAD Drivers/STM32F0xx_HAL_Driver/stm32f0xx_hal_rtc_ex.o
LOAD Drivers/STM32F0xx_HAL_Driver/stm32f0xx_hal_smartcard.o
LOAD Drivers/STM32F0xx_HAL_Driver/stm32f0xx_hal_smartcard_ex.o
LOAD Drivers/STM32F0xx_HAL_Driver/stm32f0xx_hal_smbus.o
LOAD Drivers/STM32F0xx_HAL_Driver/stm32f0xx_hal_spi.o
LOAD Drivers/STM32F0xx_HAL_Driver/stm32f0xx_hal_tim.o
LOAD Drivers/STM32F0xx_HAL_Driver/stm32f0xx_hal_tim_ex.o
LOAD Drivers/STM32F0xx_HAL_Driver/stm32f0xx_hal_tsc.o
LOAD Drivers/STM32F0xx_HAL_Driver/stm32f0xx_hal_uart.o
LOAD Drivers/STM32F0xx_HAL_Driver/stm32f0xx_hal_uart_ex.o
LOAD Drivers/STM32F0xx_HAL_Driver/stm32f0xx_hal_usart.o
LOAD Drivers/STM32F0xx_HAL_Driver/stm32f0xx_hal_wwdg.o
LOAD Example/SW4STM32/startup_stm32f072xb.o
LOAD Example/User/main.o
LOAD Example/User/stm32f0xx_hal_msp.o
LOAD Example/User/stm32f0xx_it.o
START GROUP
LOAD c:/ac6/systemworkbench/plugins/fr.ac6.mcu.externaltools.arm-none.win32_1.7.0.201602121829/tools/compiler/bin/../lib/gcc/arm-none-eabi/5.2.1/armv6-m\libgcc.a
LOAD c:/ac6/systemworkbench/plugins/fr.ac6.mcu.externaltools.arm-none.win32_1.7.0.201602121829/tools/compiler/bin/../lib/gcc/arm-none-eabi/5.2.1/../../../../arm-none-eabi/lib/armv6-m\libc_nano.a
END GROUP
START GROUP
LOAD c:/ac6/systemworkbench/plugins/fr.ac6.mcu.externaltools.arm-none.win32_1.7.0.201602121829/tools/compiler/bin/../lib/gcc/arm-none-eabi/5.2.1/armv6-m\libgcc.a
LOAD c:/ac6/systemworkbench/plugins/fr.ac6.mcu.externaltools.arm-none.win32_1.7.0.201602121829/tools/compiler/bin/../lib/gcc/arm-none-eabi/5.2.1/../../../../arm-none-eabi/lib/armv6-m\libc_nano.a
LOAD c:/ac6/systemworkbench/plugins/fr.ac6.mcu.externaltools.arm-none.win32_1.7.0.201602121829/tools/compiler/bin/../lib/gcc/arm-none-eabi/5.2.1/../../../../arm-none-eabi/lib/armv6-m\libnosys.a
END GROUP
START GROUP
LOAD c:/ac6/systemworkbench/plugins/fr.ac6.mcu.externaltools.arm-none.win32_1.7.0.201602121829/tools/compiler/bin/../lib/gcc/arm-none-eabi/5.2.1/armv6-m\libgcc.a
LOAD c:/ac6/systemworkbench/plugins/fr.ac6.mcu.externaltools.arm-none.win32_1.7.0.201602121829/tools/compiler/bin/../lib/gcc/arm-none-eabi/5.2.1/../../../../arm-none-eabi/lib/armv6-m\libc_nano.a
LOAD c:/ac6/systemworkbench/plugins/fr.ac6.mcu.externaltools.arm-none.win32_1.7.0.201602121829/tools/compiler/bin/../lib/gcc/arm-none-eabi/5.2.1/../../../../arm-none-eabi/lib/armv6-m\libnosys.a
END GROUP
LOAD c:/ac6/systemworkbench/plugins/fr.ac6.mcu.externaltools.arm-none.win32_1.7.0.201602121829/tools/compiler/bin/../lib/gcc/arm-none-eabi/5.2.1/armv6-m/crtend.o
LOAD c:/ac6/systemworkbench/plugins/fr.ac6.mcu.externaltools.arm-none.win32_1.7.0.201602121829/tools/compiler/bin/../lib/gcc/arm-none-eabi/5.2.1/armv6-m/crtn.o
                0x20004000                _estack = 0x20004000
                0x00000200                _Min_Heap_Size = 0x200
                0x00000400                _Min_Stack_Size = 0x400

.isr_vector     0x08000000       0xc0
                0x08000000                . = ALIGN (0x4)
 *(.isr_vector)
 .isr_vector    0x08000000       0xc0 Example/SW4STM32/startup_stm32f072xb.o
                0x08000000                g_pfnVectors
                0x080000c0                . = ALIGN (0x4)

.text           0x080000c0      0xa98
                0x080000c0                . = ALIGN (0x4)
 *(.text)
 .text          0x080000c0       0xb4 c:/ac6/systemworkbench/plugins/fr.ac6.mcu.externaltools.arm-none.win32_1.7.0.201602121829/tools/compiler/bin/../lib/gcc/arm-none-eabi/5.2.1/armv6-m/crtbegin.o
 .text          0x08000174      0x114 c:/ac6/systemworkbench/plugins/fr.ac6.mcu.externaltools.arm-none.win32_1.7.0.201602121829/tools/compiler/bin/../lib/gcc/arm-none-eabi/5.2.1/armv6-m\libgcc.a(_udivsi3.o)
                0x08000174                __aeabi_uidiv
                0x08000174                __udivsi3
                0x08000280                __aeabi_uidivmod
 .text          0x08000288        0x4 c:/ac6/systemworkbench/plugins/fr.ac6.mcu.externaltools.arm-none.win32_1.7.0.201602121829/tools/compiler/bin/../lib/gcc/arm-none-eabi/5.2.1/armv6-m\libgcc.a(_dvmd_tls.o)
                0x08000288                __aeabi_idiv0
                0x08000288                __aeabi_ldiv0
 *(.text*)
 .text.SystemInit
                0x0800028c       0x60 Drivers/CMSIS/system_stm32f0xx.o
                0x0800028c                SystemInit
 .text.HAL_InitTick
                0x080002ec       0x24 Drivers/STM32F0xx_HAL_Driver/stm32f0xx_hal.o
                0x080002ec                HAL_InitTick
 .text.HAL_Init
                0x08000310       0x20 Drivers/STM32F0xx_HAL_Driver/stm32f0xx_hal.o
                0x08000310                HAL_Init
 .text.HAL_IncTick
                0x08000330       0x10 Drivers/STM32F0xx_HAL_Driver/stm32f0xx_hal.o
                0x08000330                HAL_IncTick
 .text.HAL_GetTick
                0x08000340        0xc Drivers/STM32F0xx_HAL_Driver/stm32f0xx_hal.o
                0x08000340                HAL_GetTick
 .text.HAL_NVIC_SetPriority
                0x0800034c       0x60 Drivers/STM32F0xx_HAL_Driver/stm32f0xx_hal_cortex.o
                0x0800034c                HAL_NVIC_SetPriority
 .text.HAL_SYSTICK_Config
                0x080003ac       0x34 Drivers/STM32F0xx_HAL_Driver/stm32f0xx_hal_cortex.o
                0x080003ac                HAL_SYSTICK_Config
 .text.HAL_RCC_OscConfig
                0x080003e0      0x478 Drivers/STM32F0xx_HAL_Driver/stm32f0xx_hal_rcc.o
                0x080003e0                HAL_RCC_OscConfig
 .text.HAL_RCC_GetSysClockFreq
                0x08000858       0x78 Drivers/STM32F0xx_HAL_Driver/stm32f0xx_hal_rcc.o
                0x08000858                HAL_RCC_GetSysClockFreq
 .text.HAL_RCC_ClockConfig
                0x080008d0      0x158 Drivers/STM32F0xx_HAL_Driver/stm32f0xx_hal_rcc.o
                0x080008d0                HAL_RCC_ClockConfig
 .text.HAL_RCC_GetHCLKFreq
                0x08000a28        0xc Drivers/STM32F0xx_HAL_Driver/stm32f0xx_hal_rcc.o
                0x08000a28                HAL_RCC_GetHCLKFreq
 .text.Reset_Handler
                0x08000a34       0x50 Example/SW4STM32/startup_stm32f072xb.o
                0x08000a34                Reset_Handler
 .text.Default_Handler
                0x08000a84        0x2 Example/SW4STM32/startup_stm32f072xb.o
                0x08000a84                TIM1_CC_IRQHandler
                0x08000a84                TSC_IRQHandler
                0x08000a84                ADC1_COMP_IRQHandler
                0x08000a84                I2C1_IRQHandler
                0x08000a84                RCC_CRS_IRQHandler
                0x08000a84                SPI1_IRQHandler
                0x08000a84                TIM6_DAC_IRQHandler
                0x08000a84                USART3_4_IRQHandler
                0x08000a84                EXTI2_3_IRQHandler
                0x08000a84                I2C2_IRQHandler
                0x08000a84                TIM17_IRQHandler
                0x08000a84                CEC_CAN_IRQHandler
                0x08000a84                RTC_IRQHandler
                0x08000a84                PVD_VDDIO2_IRQHandler
                0x08000a84                DMA1_Channel4_5_6_7_IRQHandler
                0x08000a84                TIM16_IRQHandler
                0x08000a84                TIM3_IRQHandler
                0x08000a84                EXTI4_15_IRQHandler
                0x08000a84                DMA1_Channel1_IRQHandler
                0x08000a84                Default_Handler
                0x08000a84                TIM14_IRQHandler
                0x08000a84                TIM7_IRQHandler
                0x08000a84                TIM15_IRQHandler
                0x08000a84                EXTI0_1_IRQHandler
                0x08000a84                USB_IRQHandler
                0x08000a84                SPI2_IRQHandler
                0x08000a84                WWDG_IRQHandler
                0x08000a84                TIM2_IRQHandler
                0x08000a84                DMA1_Channel2_3_IRQHandler
                0x08000a84                USART2_IRQHandler
                0x08000a84                FLASH_IRQHandler
                0x08000a84                USART1_IRQHandler
                0x08000a84                TIM1_BRK_UP_TRG_COM_IRQHandler
 .text.startup.main
                0x08000a86       0x46 Example/User/main.o
                0x08000a86                main
 .text.HAL_MspInit
                0x08000acc        0x2 Example/User/stm32f0xx_hal_msp.o
                0x08000acc                HAL_MspInit
 .text.NMI_Handler
                0x08000ace        0x2 Example/User/stm32f0xx_it.o
                0x08000ace                NMI_Handler
 .text.HardFault_Handler
                0x08000ad0        0x2 Example/User/stm32f0xx_it.o
                0x08000ad0                HardFault_Handler
 .text.SVC_Handler
                0x08000ad2        0x2 Example/User/stm32f0xx_it.o
                0x08000ad2                SVC_Handler
 .text.PendSV_Handler
                0x08000ad4        0x2 Example/User/stm32f0xx_it.o
                0x08000ad4                PendSV_Handler
 .text.SysTick_Handler
                0x08000ad6        0x8 Example/User/stm32f0xx_it.o
                0x08000ad6                SysTick_Handler
 *fill*         0x08000ade        0x2 
 .text.__libc_init_array
                0x08000ae0       0x4c c:/ac6/systemworkbench/plugins/fr.ac6.mcu.externaltools.arm-none.win32_1.7.0.201602121829/tools/compiler/bin/../lib/gcc/arm-none-eabi/5.2.1/../../../../arm-none-eabi/lib/armv6-m\libc_nano.a(lib_a-init.o)
                0x08000ae0                __libc_init_array
 .text.memcpy   0x08000b2c       0x12 c:/ac6/systemworkbench/plugins/fr.ac6.mcu.externaltools.arm-none.win32_1.7.0.201602121829/tools/compiler/bin/../lib/gcc/arm-none-eabi/5.2.1/../../../../arm-none-eabi/lib/armv6-m\libc_nano.a(lib_a-memcpy-stub.o)
                0x08000b2c                memcpy
 *(.glue_7)
 .glue_7        0x08000b3e        0x0 linker stubs
 *(.glue_7t)
 .glue_7t       0x08000b3e        0x0 linker stubs
 *(.eh_frame)
 *fill*         0x08000b3e        0x2 
 .eh_frame      0x08000b40        0x0 c:/ac6/systemworkbench/plugins/fr.ac6.mcu.externaltools.arm-none.win32_1.7.0.201602121829/tools/compiler/bin/../lib/gcc/arm-none-eabi/5.2.1/armv6-m/crtbegin.o
 *(.init)
 .init          0x08000b40        0x4 c:/ac6/systemworkbench/plugins/fr.ac6.mcu.externaltools.arm-none.win32_1.7.0.201602121829/tools/compiler/bin/../lib/gcc/arm-none-eabi/5.2.1/armv6-m/crti.o
                0x08000b40                _init
 .init          0x08000b44        0x8 c:/ac6/systemworkbench/plugins/fr.ac6.mcu.externaltools.arm-none.win32_1.7.0.201602121829/tools/compiler/bin/../lib/gcc/arm-none-eabi/5.2.1/armv6-m/crtn.o
 *(.fini)
 .fini          0x08000b4c        0x4 c:/ac6/systemworkbench/plugins/fr.ac6.mcu.externaltools.arm-none.win32_1.7.0.201602121829/tools/compiler/bin/../lib/gcc/arm-none-eabi/5.2.1/armv6-m/crti.o
                0x08000b4c                _fini
 .fini          0x08000b50        0x8 c:/ac6/systemworkbench/plugins/fr.ac6.mcu.externaltools.arm-none.win32_1.7.0.201602121829/tools/compiler/bin/../lib/gcc/arm-none-eabi/5.2.1/armv6-m/crtn.o
                0x08000b58                . = ALIGN (0x4)
                0x08000b58                _etext = .

.vfp11_veneer   0x08000b58        0x0
 .vfp11_veneer  0x08000b58        0x0 linker stubs

.v4_bx          0x08000b58        0x0
 .v4_bx         0x08000b58        0x0 linker stubs

.iplt           0x08000b58        0x0
 .iplt          0x08000b58        0x0 c:/ac6/systemworkbench/plugins/fr.ac6.mcu.externaltools.arm-none.win32_1.7.0.201602121829/tools/compiler/bin/../lib/gcc/arm-none-eabi/5.2.1/armv6-m/crtbegin.o

.rodata         0x08000b58       0x38
                0x08000b58                . = ALIGN (0x4)
 *(.rodata)
 .rodata        0x08000b58       0x18 Drivers/CMSIS/system_stm32f0xx.o
                0x08000b58                AHBPrescTable
                0x08000b68                APBPrescTable
 .rodata        0x08000b70       0x20 Drivers/STM32F0xx_HAL_Driver/stm32f0xx_hal_rcc.o
 *(.rodata*)
                0x08000b90                . = ALIGN (0x4)

.rel.dyn        0x08000b90        0x0
 .rel.iplt      0x08000b90        0x0 c:/ac6/systemworkbench/plugins/fr.ac6.mcu.externaltools.arm-none.win32_1.7.0.201602121829/tools/compiler/bin/../lib/gcc/arm-none-eabi/5.2.1/armv6-m/crtbegin.o

.ARM.extab
 *(.ARM.extab* .gnu.linkonce.armextab.*)

.ARM            0x08000b90        0x0
                0x08000b90                __exidx_start = .
 *(.ARM.exidx*)
                0x08000b90                __exidx_end = .

.preinit_array  0x08000b90        0x0
                0x08000b90                PROVIDE (__preinit_array_start, .)
 *(.preinit_array*)
                0x08000b90                PROVIDE (__preinit_array_end, .)

.init_array     0x08000b90        0x4
                0x08000b90                PROVIDE (__init_array_start, .)
 *(SORT(.init_array.*))
 *(.init_array*)
 .init_array    0x08000b90        0x4 c:/ac6/systemworkbench/plugins/fr.ac6.mcu.externaltools.arm-none.win32_1.7.0.201602121829/tools/compiler/bin/../lib/gcc/arm-none-eabi/5.2.1/armv6-m/crtbegin.o
                0x08000b94                PROVIDE (__init_array_end, .)

.fini_array     0x08000b94        0x4
                [!provide]                PROVIDE (__fini_array_start, .)
 *(SORT(.fini_array.*))
 *(.fini_array*)
 .fini_array    0x08000b94        0x4 c:/ac6/systemworkbench/plugins/fr.ac6.mcu.externaltools.arm-none.win32_1.7.0.201602121829/tools/compiler/bin/../lib/gcc/arm-none-eabi/5.2.1/armv6-m/crtbegin.o
                [!provide]                PROVIDE (__fini_array_end, .)
                0x08000b98                _sidata = LOADADDR (.data)

.data           0x20000000        0x4 load address 0x08000b98
                0x20000000                . = ALIGN (0x4)
                0x20000000                _sdata = .
 *(.data)
 .data          0x20000000        0x4 Drivers/CMSIS/system_stm32f0xx.o
                0x20000000                SystemCoreClock
 *(.data*)
                0x20000004                . = ALIGN (0x4)
                0x20000004                _edata = .

.jcr            0x20000004        0x0 load address 0x08000b9c
 .jcr           0x20000004        0x0 c:/ac6/systemworkbench/plugins/fr.ac6.mcu.externaltools.arm-none.win32_1.7.0.201602121829/tools/compiler/bin/../lib/gcc/arm-none-eabi/5.2.1/armv6-m/crtbegin.o

.tm_clone_table
                0x20000004        0x0 load address 0x08000b9c
 .tm_clone_table
                0x20000004        0x0 c:/ac6/systemworkbench/plugins/fr.ac6.mcu.externaltools.arm-none.win32_1.7.0.201602121829/tools/compiler/bin/../lib/gcc/arm-none-eabi/5.2.1/armv6-m/crtbegin.o
 .tm_clone_table
                0x20000004        0x0 c:/ac6/systemworkbench/plugins/fr.ac6.mcu.externaltools.arm-none.win32_1.7.0.201602121829/tools/compiler/bin/../lib/gcc/arm-none-eabi/5.2.1/armv6-m/crtend.o

.igot.plt       0x20000004        0x0 load address 0x08000b9c
 .igot.plt      0x20000004        0x0 c:/ac6/systemworkbench/plugins/fr.ac6.mcu.externaltools.arm-none.win32_1.7.0.201602121829/tools/compiler/bin/../lib/gcc/arm-none-eabi/5.2.1/armv6-m/crtbegin.o
                0x20000004                . = ALIGN (0x4)

.bss            0x20000004       0x20 load address 0x08000b9c
                0x20000004                _sbss = .
                0x20000004                __bss_start__ = _sbss
 *(.bss)
 .bss           0x20000004       0x1c c:/ac6/systemworkbench/plugins/fr.ac6.mcu.externaltools.arm-none.win32_1.7.0.201602121829/tools/compiler/bin/../lib/gcc/arm-none-eabi/5.2.1/armv6-m/crtbegin.o
 *(.bss*)
 *(COMMON)
 COMMON         0x20000020        0x4 Drivers/STM32F0xx_HAL_Driver/stm32f0xx_hal.o
                0x20000020                uwTick
                0x20000024                . = ALIGN (0x4)
                0x20000024                _ebss = .
                0x20000024                __bss_end__ = _ebss

._user_heap_stack
                0x20000024      0x604 load address 0x08000b9c
                0x20000028                . = ALIGN (0x8)
 *fill*         0x20000024        0x4 
                [!provide]                PROVIDE (end, .)
                [!provide]                PROVIDE (_end, .)
                0x20000228                . = (. + _Min_Heap_Size)
 *fill*         0x20000028      0x200 
                0x20000628                . = (. + _Min_Stack_Size)
 *fill*         0x20000228      0x400 
                0x20000628                . = ALIGN (0x8)

/DISCARD/
 libc.a(*)
 libm.a(*)
 libgcc.a(*)

.ARM.attributes
                0x00000000       0x28
 *(.ARM.attributes)
 .ARM.attributes
                0x00000000       0x1e c:/ac6/systemworkbench/plugins/fr.ac6.mcu.externaltools.arm-none.win32_1.7.0.201602121829/tools/compiler/bin/../lib/gcc/arm-none-eabi/5.2.1/armv6-m/crti.o
 .ARM.attributes
                0x0000001e       0x2c c:/ac6/systemworkbench/plugins/fr.ac6.mcu.externaltools.arm-none.win32_1.7.0.201602121829/tools/compiler/bin/../lib/gcc/arm-none-eabi/5.2.1/armv6-m/crtbegin.o
 .ARM.attributes
                0x0000004a       0x31 Drivers/CMSIS/system_stm32f0xx.o
 .ARM.attributes
                0x0000007b       0x31 Drivers/STM32F0xx_HAL_Driver/stm32f0xx_hal.o
 .ARM.attributes
                0x000000ac       0x31 Drivers/STM32F0xx_HAL_Driver/stm32f0xx_hal_cortex.o
 .ARM.attributes
                0x000000dd       0x31 Drivers/STM32F0xx_HAL_Driver/stm32f0xx_hal_rcc.o
 .ARM.attributes
                0x0000010e       0x21 Example/SW4STM32/startup_stm32f072xb.o
 .ARM.attributes
                0x0000012f       0x31 Example/User/main.o
 .ARM.attributes
                0x00000160       0x31 Example/User/stm32f0xx_hal_msp.o
 .ARM.attributes
                0x00000191       0x31 Example/User/stm32f0xx_it.o
 .ARM.attributes
                0x000001c2       0x1e c:/ac6/systemworkbench/plugins/fr.ac6.mcu.externaltools.arm-none.win32_1.7.0.201602121829/tools/compiler/bin/../lib/gcc/arm-none-eabi/5.2.1/armv6-m\libgcc.a(_udivsi3.o)
 .ARM.attributes
                0x000001e0       0x1e c:/ac6/systemworkbench/plugins/fr.ac6.mcu.externaltools.arm-none.win32_1.7.0.201602121829/tools/compiler/bin/../lib/gcc/arm-none-eabi/5.2.1/armv6-m\libgcc.a(_dvmd_tls.o)
 .ARM.attributes
                0x000001fe       0x2c c:/ac6/systemworkbench/plugins/fr.ac6.mcu.externaltools.arm-none.win32_1.7.0.201602121829/tools/compiler/bin/../lib/gcc/arm-none-eabi/5.2.1/../../../../arm-none-eabi/lib/armv6-m\libc_nano.a(lib_a-init.o)
 .ARM.attributes
                0x0000022a       0x2c c:/ac6/systemworkbench/plugins/fr.ac6.mcu.externaltools.arm-none.win32_1.7.0.201602121829/tools/compiler/bin/../lib/gcc/arm-none-eabi/5.2.1/../../../../arm-none-eabi/lib/armv6-m\libc_nano.a(lib_a-memcpy-stub.o)
 .ARM.attributes
                0x00000256       0x2c c:/ac6/systemworkbench/plugins/fr.ac6.mcu.externaltools.arm-none.win32_1.7.0.201602121829/tools/compiler/bin/../lib/gcc/arm-none-eabi/5.2.1/armv6-m/crtend.o
 .ARM.attributes
                0x00000282       0x1e c:/ac6/systemworkbench/plugins/fr.ac6.mcu.externaltools.arm-none.win32_1.7.0.201602121829/tools/compiler/bin/../lib/gcc/arm-none-eabi/5.2.1/armv6-m/crtn.o
OUTPUT(STM32F072RB-Nucleo.elf elf32-littlearm)

.debug_info     0x00000000     0x1ecf
 .debug_info    0x00000000      0x246 Drivers/CMSIS/system_stm32f0xx.o
 .debug_info    0x00000246      0x5ba Drivers/STM32F0xx_HAL_Driver/stm32f0xx_hal.o
 .debug_info    0x00000800      0x7c3 Drivers/STM32F0xx_HAL_Driver/stm32f0xx_hal_cortex.o
 .debug_info    0x00000fc3      0x9d3 Drivers/STM32F0xx_HAL_Driver/stm32f0xx_hal_rcc.o
 .debug_info    0x00001996      0x104 Example/SW4STM32/startup_stm32f072xb.o
 .debug_info    0x00001a9a      0x2c1 Example/User/main.o
 .debug_info    0x00001d5b       0x9c Example/User/stm32f0xx_hal_msp.o
 .debug_info    0x00001df7       0xd8 Example/User/stm32f0xx_it.o

.debug_abbrev   0x00000000      0x9f2
 .debug_abbrev  0x00000000       0xf3 Drivers/CMSIS/system_stm32f0xx.o
 .debug_abbrev  0x000000f3      0x1de Drivers/STM32F0xx_HAL_Driver/stm32f0xx_hal.o
 .debug_abbrev  0x000002d1      0x276 Drivers/STM32F0xx_HAL_Driver/stm32f0xx_hal_cortex.o
 .debug_abbrev  0x00000547      0x254 Drivers/STM32F0xx_HAL_Driver/stm32f0xx_hal_rcc.o
 .debug_abbrev  0x0000079b       0x12 Example/SW4STM32/startup_stm32f072xb.o
 .debug_abbrev  0x000007ad      0x158 Example/User/main.o
 .debug_abbrev  0x00000905       0x4e Example/User/stm32f0xx_hal_msp.o
 .debug_abbrev  0x00000953       0x9f Example/User/stm32f0xx_it.o

.debug_loc      0x00000000      0x9af
 .debug_loc     0x00000000       0xe1 Drivers/CMSIS/system_stm32f0xx.o
 .debug_loc     0x000000e1       0x6a Drivers/STM32F0xx_HAL_Driver/stm32f0xx_hal.o
 .debug_loc     0x0000014b      0x3da Drivers/STM32F0xx_HAL_Driver/stm32f0xx_hal_cortex.o
 .debug_loc     0x00000525      0x48a Drivers/STM32F0xx_HAL_Driver/stm32f0xx_hal_rcc.o

.debug_aranges  0x00000000      0x250
 .debug_aranges
                0x00000000       0x28 Drivers/CMSIS/system_stm32f0xx.o
 .debug_aranges
                0x00000028       0x98 Drivers/STM32F0xx_HAL_Driver/stm32f0xx_hal.o
 .debug_aranges
                0x000000c0       0x78 Drivers/STM32F0xx_HAL_Driver/stm32f0xx_hal_cortex.o
 .debug_aranges
                0x00000138       0x80 Drivers/STM32F0xx_HAL_Driver/stm32f0xx_hal_rcc.o
 .debug_aranges
                0x000001b8       0x28 Example/SW4STM32/startup_stm32f072xb.o
 .debug_aranges
                0x000001e0       0x20 Example/User/main.o
 .debug_aranges
                0x00000200       0x20 Example/User/stm32f0xx_hal_msp.o
 .debug_aranges
                0x00000220       0x30 Example/User/stm32f0xx_it.o

.debug_ranges   0x00000000      0x298
 .debug_ranges  0x00000000       0x18 Drivers/CMSIS/system_stm32f0xx.o
 .debug_ranges  0x00000018       0x88 Drivers/STM32F0xx_HAL_Driver/stm32f0xx_hal.o
 .debug_ranges  0x000000a0       0xe8 Drivers/STM32F0xx_HAL_Driver/stm32f0xx_hal_cortex.o
 .debug_ranges  0x00000188       0xb0 Drivers/STM32F0xx_HAL_Driver/stm32f0xx_hal_rcc.o
 .debug_ranges  0x00000238       0x20 Example/SW4STM32/startup_stm32f072xb.o
 .debug_ranges  0x00000258       0x10 Example/User/main.o
 .debug_ranges  0x00000268       0x10 Example/User/stm32f0xx_hal_msp.o
 .debug_ranges  0x00000278       0x20 Example/User/stm32f0xx_it.o

.debug_macro    0x00000000     0x1d39
 .debug_macro   0x00000000      0x3de Drivers/CMSIS/system_stm32f0xx.o
 .debug_macro   0x000003de      0x402 Drivers/STM32F0xx_HAL_Driver/stm32f0xx_hal.o
 .debug_macro   0x000007e0      0x3de Drivers/STM32F0xx_HAL_Driver/stm32f0xx_hal_cortex.o
 .debug_macro   0x00000bbe      0x3f0 Drivers/STM32F0xx_HAL_Driver/stm32f0xx_hal_rcc.o
 .debug_macro   0x00000fae      0x3f1 Example/User/main.o
 .debug_macro   0x0000139f      0x1ae Example/User/main.o
 .debug_macro   0x0000154d      0x3f1 Example/User/stm32f0xx_hal_msp.o
 .debug_macro   0x0000193e      0x3fb Example/User/stm32f0xx_it.o

.debug_line     0x00000000     0x5171
 .debug_line    0x00000000      0xab5 Drivers/CMSIS/system_stm32f0xx.o
 .debug_line    0x00000ab5      0xb9d Drivers/STM32F0xx_HAL_Driver/stm32f0xx_hal.o
 .debug_line    0x00001652      0xbec Drivers/STM32F0xx_HAL_Driver/stm32f0xx_hal_cortex.o
 .debug_line    0x0000223e      0xda5 Drivers/STM32F0xx_HAL_Driver/stm32f0xx_hal_rcc.o
 .debug_line    0x00002fe3       0xd0 Example/SW4STM32/startup_stm32f072xb.o
 .debug_line    0x000030b3      0xae1 Example/User/main.o
 .debug_line    0x00003b94      0xad7 Example/User/stm32f0xx_hal_msp.o
 .debug_line    0x0000466b      0xb06 Example/User/stm32f0xx_it.o

.debug_str      0x00000000    0xb073c
 .debug_str     0x00000000    0xaefea Drivers/CMSIS/system_stm32f0xx.o
                              0xaf26f (size before relaxing)
 .debug_str     0x000aefea      0x48b Drivers/STM32F0xx_HAL_Driver/stm32f0xx_hal.o
                              0xaf742 (size before relaxing)
 .debug_str     0x000af475      0x202 Drivers/STM32F0xx_HAL_Driver/stm32f0xx_hal_cortex.o
                              0xaf622 (size before relaxing)
 .debug_str     0x000af677      0x3d4 Drivers/STM32F0xx_HAL_Driver/stm32f0xx_hal_rcc.o
                              0xaf66d (size before relaxing)
 .debug_str     0x000afa4b      0xbe5 Example/User/main.o
                              0xafea9 (size before relaxing)
 .debug_str     0x000b0630       0x67 Example/User/stm32f0xx_hal_msp.o
                              0xafcfe (size before relaxing)
 .debug_str     0x000b0697       0xa5 Example/User/stm32f0xx_it.o
                              0xafd3a (size before relaxing)

.comment        0x00000000       0x6e
 .comment       0x00000000       0x6e Drivers/CMSIS/system_stm32f0xx.o
                                 0x6f (size before relaxing)
 .comment       0x0000006e       0x6f Drivers/STM32F0xx_HAL_Driver/stm32f0xx_hal.o
 .comment       0x0000006e       0x6f Drivers/STM32F0xx_HAL_Driver/stm32f0xx_hal_cortex.o
 .comment       0x0000006e       0x6f Drivers/STM32F0xx_HAL_Driver/stm32f0xx_hal_rcc.o
 .comment       0x0000006e       0x6f Example/User/main.o
 .comment       0x0000006e       0x6f Example/User/stm32f0xx_hal_msp.o
 .comment       0x0000006e       0x6f Example/User/stm32f0xx_it.o

.debug_frame    0x00000000      0x4cc
 .debug_frame   0x00000000       0x3c Drivers/CMSIS/system_stm32f0xx.o
 .debug_frame   0x0000003c      0x144 Drivers/STM32F0xx_HAL_Driver/stm32f0xx_hal.o
 .debug_frame   0x00000180       0xe4 Drivers/STM32F0xx_HAL_Driver/stm32f0xx_hal_cortex.o
 .debug_frame   0x00000264      0x130 Drivers/STM32F0xx_HAL_Driver/stm32f0xx_hal_rcc.o
 .debug_frame   0x00000394       0x2c Example/User/main.o
 .debug_frame   0x000003c0       0x30 Example/User/stm32f0xx_hal_msp.o
 .debug_frame   0x000003f0       0x68 Example/User/stm32f0xx_it.o
 .debug_frame   0x00000458       0x20 c:/ac6/systemworkbench/plugins/fr.ac6.mcu.externaltools.arm-none.win32_1.7.0.201602121829/tools/compiler/bin/../lib/gcc/arm-none-eabi/5.2.1/armv6-m\libgcc.a(_udivsi3.o)
 .debug_frame   0x00000478       0x2c c:/ac6/systemworkbench/plugins/fr.ac6.mcu.externaltools.arm-none.win32_1.7.0.201602121829/tools/compiler/bin/../lib/gcc/arm-none-eabi/5.2.1/../../../../arm-none-eabi/lib/armv6-m\libc_nano.a(lib_a-init.o)
 .debug_frame   0x000004a4       0x28 c:/ac6/systemworkbench/plugins/fr.ac6.mcu.externaltools.arm-none.win32_1.7.0.201602121829/tools/compiler/bin/../lib/gcc/arm-none-eabi/5.2.1/../../../../arm-none-eabi/lib/armv6-m\libc_nano.a(lib_a-memcpy-stub.o)
